	.text
	.syntax unified
	.eabi_attribute	67, "2.09"	@ Tag_conformance
	.cpu	cortex-m23
	.eabi_attribute	6, 16	@ Tag_CPU_arch
	.eabi_attribute	7, 77	@ Tag_CPU_arch_profile
	.eabi_attribute	8, 0	@ Tag_ARM_ISA_use
	.eabi_attribute	9, 3	@ Tag_THUMB_ISA_use
	.eabi_attribute	34, 0	@ Tag_CPU_unaligned_access
	.eabi_attribute	17, 1	@ Tag_ABI_PCS_GOT_use
	.eabi_attribute	20, 2	@ Tag_ABI_FP_denormal
	.eabi_attribute	21, 0	@ Tag_ABI_FP_exceptions
	.eabi_attribute	23, 1	@ Tag_ABI_FP_number_model
	.eabi_attribute	24, 1	@ Tag_ABI_align_needed
	.eabi_attribute	25, 1	@ Tag_ABI_align_preserved
	.eabi_attribute	38, 1	@ Tag_ABI_FP_16bit_format
	.eabi_attribute	18, 4	@ Tag_ABI_PCS_wchar_t
	.eabi_attribute	26, 2	@ Tag_ABI_enum_size
	.eabi_attribute	14, 0	@ Tag_ABI_PCS_R9_use
	.file	"main_ns.c"
	.file	1 "../../../../../Library/Device/Nuvoton/M2351/Include" "M2351.h"
	.file	2 "C:\\Keil_v5\\ARM\\ARMCLANG\\Bin\\..\\include" "stdint.h"
	.file	3 "../../../../../Library/Device/Nuvoton/M2351/Include" "gpio_reg.h"
	.file	4 "../../../../../Library/CMSIS/Include" "core_armv8mbl.h"
	.section	.text.display_menue,"ax",%progbits
	.hidden	display_menue           @ -- Begin function display_menue
	.globl	display_menue
	.p2align	2
	.type	display_menue,%function
	.code	16                      @ @display_menue
	.thumb_func
display_menue:
.Lfunc_begin0:
	.file	5 ".." "main_ns.c"
	.loc	5 9 0                   @ ../main_ns.c:9:0
	.fnstart
	.cfi_sections .debug_frame
	.cfi_startproc
@ %bb.0:
	.save	{r7, lr}
	push	{r7, lr}
	.cfi_def_cfa_offset 8
	.cfi_offset lr, -4
	.cfi_offset r7, -8
	.pad	#48
	sub	sp, #48
	.cfi_def_cfa_offset 56
.Ltmp0:
	.loc	5 12 3 prologue_end     @ ../main_ns.c:12:3
	ldr	r0, __arm_cp.0_0
	bl	printf
	.loc	5 13 2                  @ ../main_ns.c:13:2
	ldr	r1, __arm_cp.0_1
	str	r0, [sp, #36]           @ 4-byte Spill
	mov	r0, r1
	bl	printf
	.loc	5 14 2                  @ ../main_ns.c:14:2
	ldr	r1, __arm_cp.0_2
	str	r0, [sp, #32]           @ 4-byte Spill
	mov	r0, r1
	bl	printf
	.loc	5 15 2                  @ ../main_ns.c:15:2
	ldr	r1, __arm_cp.0_3
	str	r0, [sp, #28]           @ 4-byte Spill
	mov	r0, r1
	bl	printf
	.loc	5 16 11                 @ ../main_ns.c:16:11
	ldr	r1, __arm_cp.0_4
	str	r0, [sp, #24]           @ 4-byte Spill
	mov	r0, r1
	bl	fgetc
	.loc	5 16 9 is_stmt 0        @ ../main_ns.c:16:9
	str	r0, [sp, #44]
	.loc	5 20 2 is_stmt 1        @ ../main_ns.c:20:2
	b	.LBB0_1
.LBB0_1:                                @ =>This Inner Loop Header: Depth=1
	.loc	5 20 14 is_stmt 0       @ ../main_ns.c:20:14
	ldr	r0, __arm_cp.0_4
	bl	getc
	.loc	5 20 12                 @ ../main_ns.c:20:12
	str	r0, [sp, #40]
	movs	r1, #0
	.loc	5 20 33                 @ ../main_ns.c:20:33
	cmp	r0, #10
	str	r1, [sp, #20]           @ 4-byte Spill
	beq	.LBB0_3
	b	.LBB0_2
.LBB0_2:                                @   in Loop: Header=BB0_1 Depth=1
	.loc	5 20 36                 @ ../main_ns.c:20:36
	ldr	r0, [sp, #40]
	.loc	5 20 38                 @ ../main_ns.c:20:38
	adds	r0, r0, #1
	subs	r1, r0, #1
	sbcs	r0, r1
	str	r0, [sp, #20]           @ 4-byte Spill
	b	.LBB0_3
.LBB0_3:                                @   in Loop: Header=BB0_1 Depth=1
	.loc	5 0 38                  @ ../main_ns.c:0:38
	ldr	r0, [sp, #20]           @ 4-byte Reload
	.loc	5 20 2                  @ ../main_ns.c:20:2
	lsls	r0, r0, #31
	cmp	r0, #0
	beq	.LBB0_5
	b	.LBB0_4
.LBB0_4:                                @   in Loop: Header=BB0_1 Depth=1
	b	.LBB0_1
.LBB0_5:
.Ltmp1:
	.loc	5 22 5 is_stmt 1        @ ../main_ns.c:22:5
	ldr	r0, [sp, #44]
.Ltmp2:
	.loc	5 22 5 is_stmt 0        @ ../main_ns.c:22:5
	cmp	r0, #49
	bne	.LBB0_7
	b	.LBB0_6
.LBB0_6:
.Ltmp3:
	.loc	5 24 3 is_stmt 1        @ ../main_ns.c:24:3
	bl	S_get_secure_value
	.loc	5 25 3                  @ ../main_ns.c:25:3
	str	r0, [sp, #16]           @ 4-byte Spill
	bl	S_encrypt_secure_value
	.loc	5 26 2                  @ ../main_ns.c:26:2
	str	r0, [sp, #12]           @ 4-byte Spill
	b	.LBB0_10
.Ltmp4:
.LBB0_7:
	.loc	5 27 10                 @ ../main_ns.c:27:10
	ldr	r0, [sp, #44]
.Ltmp5:
	.loc	5 27 10 is_stmt 0       @ ../main_ns.c:27:10
	cmp	r0, #50
	bne	.LBB0_9
	b	.LBB0_8
.LBB0_8:
.Ltmp6:
	.loc	5 29 3 is_stmt 1        @ ../main_ns.c:29:3
	bl	S_get_cipher_value
	.loc	5 30 3                  @ ../main_ns.c:30:3
	str	r0, [sp, #8]            @ 4-byte Spill
	bl	S_decrypt_cipher_value
	.loc	5 31 2                  @ ../main_ns.c:31:2
	str	r0, [sp, #4]            @ 4-byte Spill
	b	.LBB0_9
.Ltmp7:
.LBB0_9:
	.loc	5 0 2 is_stmt 0         @ ../main_ns.c:0:2
	b	.LBB0_10
.LBB0_10:
	.loc	5 32 1 is_stmt 1        @ ../main_ns.c:32:1
	add	sp, #48
	pop	{r7, pc}
.Ltmp8:
	.p2align	2
@ %bb.11:
	.loc	5 0 1 is_stmt 0         @ ../main_ns.c:0:1
__arm_cp.0_0:
	.long	.L.str
.Lcpi_end0:
	.size	__arm_cp.0_0, .Lcpi_end0-__arm_cp.0_0
__arm_cp.0_1:
	.long	.L.str.1
.Lcpi_end1:
	.size	__arm_cp.0_1, .Lcpi_end1-__arm_cp.0_1
__arm_cp.0_2:
	.long	.L.str.2
.Lcpi_end2:
	.size	__arm_cp.0_2, .Lcpi_end2-__arm_cp.0_2
__arm_cp.0_3:
	.long	.L.str.3
.Lcpi_end3:
	.size	__arm_cp.0_3, .Lcpi_end3-__arm_cp.0_3
__arm_cp.0_4:
	.long	__stdin
.Lcpi_end4:
	.size	__arm_cp.0_4, .Lcpi_end4-__arm_cp.0_4
.Lfunc_end0:
	.size	display_menue, .Lfunc_end0-display_menue
	.cfi_endproc
	.cantunwind
	.fnend
                                        @ -- End function
	.section	.text.GPB_IRQHandler,"ax",%progbits
	.hidden	GPB_IRQHandler          @ -- Begin function GPB_IRQHandler
	.globl	GPB_IRQHandler
	.p2align	2
	.type	GPB_IRQHandler,%function
	.code	16                      @ @GPB_IRQHandler
	.thumb_func
GPB_IRQHandler:
.Lfunc_begin1:
	.loc	5 37 0 is_stmt 1        @ ../main_ns.c:37:0
	.fnstart
	.cfi_startproc
@ %bb.0:
	.save	{r7, lr}
	push	{r7, lr}
	.cfi_def_cfa_offset 8
	.cfi_offset lr, -4
	.cfi_offset r7, -8
	.pad	#16
	sub	sp, #16
	.cfi_def_cfa_offset 24
.Ltmp9:
	.loc	5 39 8 prologue_end     @ ../main_ns.c:39:8
	ldr	r0, __arm_cp.1_0
	ldr	r0, [r0]
	movs	r1, #1
.Ltmp10:
	.loc	5 39 8 is_stmt 0        @ ../main_ns.c:39:8
	tst	r0, r1
	beq	.LBB1_2
	b	.LBB1_1
.LBB1_1:
.Ltmp11:
	.loc	5 41 5 is_stmt 1        @ ../main_ns.c:41:5
	ldr	r0, __arm_cp.1_1
	bl	printf
	.loc	5 42 5                  @ ../main_ns.c:42:5
	ldr	r1, __arm_cp.1_0
	movs	r2, #1
	str	r2, [r1]
	.loc	5 43 5                  @ ../main_ns.c:43:5
	str	r0, [sp, #12]           @ 4-byte Spill
	bl	display_menue
	.loc	5 44 3                  @ ../main_ns.c:44:3
	b	.LBB1_2
.Ltmp12:
.LBB1_2:
	.loc	5 45 6                  @ ../main_ns.c:45:6
	ldr	r0, __arm_cp.1_0
	ldr	r0, [r0]
	movs	r1, #2
.Ltmp13:
	.loc	5 45 6 is_stmt 0        @ ../main_ns.c:45:6
	tst	r0, r1
	beq	.LBB1_4
	b	.LBB1_3
.LBB1_3:
.Ltmp14:
	.loc	5 47 5 is_stmt 1        @ ../main_ns.c:47:5
	ldr	r0, __arm_cp.1_2
	bl	printf
	.loc	5 48 5                  @ ../main_ns.c:48:5
	ldr	r1, __arm_cp.1_3
	str	r0, [sp, #8]            @ 4-byte Spill
	mov	r0, r1
	bl	printf
	.loc	5 49 5                  @ ../main_ns.c:49:5
	ldr	r1, __arm_cp.1_0
	movs	r2, #2
	str	r2, [r1]
	.loc	5 50 3                  @ ../main_ns.c:50:3
	str	r0, [sp, #4]            @ 4-byte Spill
	b	.LBB1_5
.Ltmp15:
.LBB1_4:
	.loc	5 54 32                 @ ../main_ns.c:54:32
	ldr	r0, __arm_cp.1_0
	ldr	r1, [r0]
	.loc	5 54 23 is_stmt 0       @ ../main_ns.c:54:23
	str	r1, [r0]
	b	.LBB1_5
.Ltmp16:
.LBB1_5:
	.loc	5 56 1 is_stmt 1        @ ../main_ns.c:56:1
	add	sp, #16
	pop	{r7, pc}
.Ltmp17:
	.p2align	2
@ %bb.6:
	.loc	5 0 1 is_stmt 0         @ ../main_ns.c:0:1
__arm_cp.1_0:
	.long	1342193760              @ 0x50004060
.Lcpi_end5:
	.size	__arm_cp.1_0, .Lcpi_end5-__arm_cp.1_0
__arm_cp.1_1:
	.long	.L.str.4
.Lcpi_end6:
	.size	__arm_cp.1_1, .Lcpi_end6-__arm_cp.1_1
__arm_cp.1_2:
	.long	.L.str.5
.Lcpi_end7:
	.size	__arm_cp.1_2, .Lcpi_end7-__arm_cp.1_2
__arm_cp.1_3:
	.long	.L.str.6
.Lcpi_end8:
	.size	__arm_cp.1_3, .Lcpi_end8-__arm_cp.1_3
.Lfunc_end1:
	.size	GPB_IRQHandler, .Lfunc_end1-GPB_IRQHandler
	.cfi_endproc
	.cantunwind
	.fnend
                                        @ -- End function
	.section	.text.GPIO_INT_Init,"ax",%progbits
	.hidden	GPIO_INT_Init           @ -- Begin function GPIO_INT_Init
	.globl	GPIO_INT_Init
	.p2align	2
	.type	GPIO_INT_Init,%function
	.code	16                      @ @GPIO_INT_Init
	.thumb_func
GPIO_INT_Init:
.Lfunc_begin2:
	.loc	5 60 0 is_stmt 1        @ ../main_ns.c:60:0
	.fnstart
	.cfi_startproc
@ %bb.0:
	.save	{r7, lr}
	push	{r7, lr}
	.cfi_def_cfa_offset 8
	.cfi_offset lr, -4
	.cfi_offset r7, -8
	.pad	#40
	sub	sp, #40
	.cfi_def_cfa_offset 48
.Ltmp18:
	.loc	5 61 3 prologue_end     @ ../main_ns.c:61:3
	ldr	r0, __arm_cp.2_0
	str	r0, [sp, #36]           @ 4-byte Spill
	bl	printf
	.loc	5 62 3                  @ ../main_ns.c:62:3
	ldr	r1, __arm_cp.2_1
	str	r0, [sp, #32]           @ 4-byte Spill
	mov	r0, r1
	bl	printf
	.loc	5 63 3                  @ ../main_ns.c:63:3
	ldr	r1, [sp, #36]           @ 4-byte Reload
	str	r0, [sp, #28]           @ 4-byte Spill
	mov	r0, r1
	bl	printf
	.loc	5 66 5                  @ ../main_ns.c:66:5
	ldr	r1, __arm_cp.2_2
	movs	r2, #1
	movs	r3, #0
	str	r0, [sp, #24]           @ 4-byte Spill
	mov	r0, r1
	str	r1, [sp, #20]           @ 4-byte Spill
	mov	r1, r2
	str	r2, [sp, #16]           @ 4-byte Spill
	mov	r2, r3
	str	r3, [sp, #12]           @ 4-byte Spill
	bl	GPIO_SetMode
	.loc	5 67 3                  @ ../main_ns.c:67:3
	movs	r0, #2
	ldr	r1, [sp, #20]           @ 4-byte Reload
	str	r0, [sp, #8]            @ 4-byte Spill
	mov	r0, r1
	ldr	r1, [sp, #8]            @ 4-byte Reload
	ldr	r2, [sp, #12]           @ 4-byte Reload
	bl	GPIO_SetMode
	.loc	5 68 5                  @ ../main_ns.c:68:5
	ldr	r0, [sp, #16]           @ 4-byte Reload
	lsls	r1, r0, #16
	ldr	r0, [sp, #20]           @ 4-byte Reload
	ldr	r2, [sp, #12]           @ 4-byte Reload
	str	r1, [sp, #4]            @ 4-byte Spill
	mov	r1, r2
	ldr	r2, [sp, #4]            @ 4-byte Reload
	bl	GPIO_EnableInt
	.loc	5 69 3                  @ ../main_ns.c:69:3
	ldr	r0, [sp, #20]           @ 4-byte Reload
	ldr	r1, [sp, #16]           @ 4-byte Reload
	ldr	r2, [sp, #4]            @ 4-byte Reload
	bl	GPIO_EnableInt
	.loc	5 70 5                  @ ../main_ns.c:70:5
	movs	r0, #17
	bl	__NVIC_EnableIRQ
	.loc	5 73 5                  @ ../main_ns.c:73:5
	ldr	r0, __arm_cp.2_3
	movs	r1, #58
	str	r1, [r0]
	.loc	5 74 5                  @ ../main_ns.c:74:5
	ldr	r0, __arm_cp.2_4
	ldr	r1, [r0]
	ldr	r2, [sp, #16]           @ 4-byte Reload
	orrs	r1, r2
	str	r1, [r0]
	.loc	5 75 3                  @ ../main_ns.c:75:3
	ldr	r1, [r0]
	ldr	r3, [sp, #8]            @ 4-byte Reload
	orrs	r1, r3
	str	r1, [r0]
	.loc	5 77 3                  @ ../main_ns.c:77:3
	ldr	r0, __arm_cp.2_5
	bl	printf
	.loc	5 78 1                  @ ../main_ns.c:78:1
	str	r0, [sp]                @ 4-byte Spill
	add	sp, #40
	pop	{r7, pc}
.Ltmp19:
	.p2align	2
@ %bb.1:
	.loc	5 0 1 is_stmt 0         @ ../main_ns.c:0:1
__arm_cp.2_0:
	.long	.L.str.7
.Lcpi_end9:
	.size	__arm_cp.2_0, .Lcpi_end9-__arm_cp.2_0
__arm_cp.2_1:
	.long	.L.str.8
.Lcpi_end10:
	.size	__arm_cp.2_1, .Lcpi_end10-__arm_cp.2_1
__arm_cp.2_2:
	.long	1342193728              @ 0x50004040
.Lcpi_end11:
	.size	__arm_cp.2_2, .Lcpi_end11-__arm_cp.2_2
__arm_cp.2_3:
	.long	1342193780              @ 0x50004074
.Lcpi_end12:
	.size	__arm_cp.2_3, .Lcpi_end12-__arm_cp.2_3
__arm_cp.2_4:
	.long	1342193748              @ 0x50004054
.Lcpi_end13:
	.size	__arm_cp.2_4, .Lcpi_end13-__arm_cp.2_4
__arm_cp.2_5:
	.long	.L.str.9
.Lcpi_end14:
	.size	__arm_cp.2_5, .Lcpi_end14-__arm_cp.2_5
.Lfunc_end2:
	.size	GPIO_INT_Init, .Lfunc_end2-GPIO_INT_Init
	.cfi_endproc
	.cantunwind
	.fnend
                                        @ -- End function
	.section	.text.__NVIC_EnableIRQ,"ax",%progbits
	.p2align	2               @ -- Begin function __NVIC_EnableIRQ
	.type	__NVIC_EnableIRQ,%function
	.code	16                      @ @__NVIC_EnableIRQ
	.thumb_func
__NVIC_EnableIRQ:
.Lfunc_begin3:
	.loc	4 1276 0 is_stmt 1      @ ../../../../../Library/CMSIS/Include\core_armv8mbl.h:1276:0
	.fnstart
	.cfi_startproc
@ %bb.0:
	.pad	#8
	sub	sp, #8
	.cfi_def_cfa_offset 8
	mov	r1, r0
	str	r0, [sp, #4]
.Ltmp20:
	.loc	4 1277 17 prologue_end  @ ../../../../../Library/CMSIS/Include\core_armv8mbl.h:1277:17
	ldr	r0, [sp, #4]
.Ltmp21:
	.loc	4 1277 7 is_stmt 0      @ ../../../../../Library/CMSIS/Include\core_armv8mbl.h:1277:7
	cmp	r0, #0
	str	r1, [sp]                @ 4-byte Spill
	blt	.LBB3_2
	b	.LBB3_1
.LBB3_1:
.Ltmp22:
	.loc	4 1279 93 is_stmt 1     @ ../../../../../Library/CMSIS/Include\core_armv8mbl.h:1279:93
	ldr	r0, [sp, #4]
	.loc	4 1279 99 is_stmt 0     @ ../../../../../Library/CMSIS/Include\core_armv8mbl.h:1279:99
	movs	r1, #31
	mov	r2, r0
	ands	r2, r1
	.loc	4 1279 69               @ ../../../../../Library/CMSIS/Include\core_armv8mbl.h:1279:69
	movs	r1, #1
	lsls	r1, r2
	.loc	4 1279 5                @ ../../../../../Library/CMSIS/Include\core_armv8mbl.h:1279:5
	lsrs	r0, r0, #3
	.loc	4 1279 43               @ ../../../../../Library/CMSIS/Include\core_armv8mbl.h:1279:43
	ldr	r2, __arm_cp.3_0
	ands	r0, r2
	.loc	4 1279 5                @ ../../../../../Library/CMSIS/Include\core_armv8mbl.h:1279:5
	ldr	r2, __arm_cp.3_1
	.loc	4 1279 52               @ ../../../../../Library/CMSIS/Include\core_armv8mbl.h:1279:52
	str	r1, [r0, r2]
	.loc	4 1280 3 is_stmt 1      @ ../../../../../Library/CMSIS/Include\core_armv8mbl.h:1280:3
	b	.LBB3_2
.Ltmp23:
.LBB3_2:
	.loc	4 1281 1                @ ../../../../../Library/CMSIS/Include\core_armv8mbl.h:1281:1
	add	sp, #8
	bx	lr
.Ltmp24:
	.p2align	2
@ %bb.3:
	.loc	4 0 1 is_stmt 0         @ ../../../../../Library/CMSIS/Include\core_armv8mbl.h:0:1
__arm_cp.3_0:
	.long	536870908               @ 0x1ffffffc
.Lcpi_end15:
	.size	__arm_cp.3_0, .Lcpi_end15-__arm_cp.3_0
__arm_cp.3_1:
	.long	3758153984              @ 0xe000e100
.Lcpi_end16:
	.size	__arm_cp.3_1, .Lcpi_end16-__arm_cp.3_1
.Lfunc_end3:
	.size	__NVIC_EnableIRQ, .Lfunc_end3-__NVIC_EnableIRQ
	.cfi_endproc
	.cantunwind
	.fnend
                                        @ -- End function
	.section	.text.main,"ax",%progbits
	.hidden	main                    @ -- Begin function main
	.globl	main
	.p2align	2
	.type	main,%function
	.code	16                      @ @main
	.thumb_func
main:
.Lfunc_begin4:
	.loc	5 84 0 is_stmt 1        @ ../main_ns.c:84:0
	.fnstart
	.cfi_startproc
@ %bb.0:
	.save	{r7, lr}
	push	{r7, lr}
	.cfi_def_cfa_offset 8
	.cfi_offset lr, -4
	.cfi_offset r7, -8
	.pad	#8
	sub	sp, #8
	.cfi_def_cfa_offset 16
	movs	r0, #0
	str	r0, [sp, #4]
.Ltmp25:
	.loc	5 85 3 prologue_end     @ ../main_ns.c:85:3
	ldr	r0, __arm_cp.4_0
	bl	printf
	.loc	5 87 3                  @ ../main_ns.c:87:3
	str	r0, [sp]                @ 4-byte Spill
	bl	GPIO_INT_Init
	.loc	5 89 5                  @ ../main_ns.c:89:5
	b	.LBB4_1
.LBB4_1:                                @ =>This Inner Loop Header: Depth=1
	b	.LBB4_1
.Ltmp26:
	.p2align	2
@ %bb.2:
	.loc	5 0 5 is_stmt 0         @ ../main_ns.c:0:5
__arm_cp.4_0:
	.long	.L.str.10
.Lcpi_end17:
	.size	__arm_cp.4_0, .Lcpi_end17-__arm_cp.4_0
.Lfunc_end4:
	.size	main, .Lfunc_end4-main
	.cfi_endproc
	.cantunwind
	.fnend
                                        @ -- End function
	.type	.L.str,%object          @ @.str
	.section	.rodata.str1.1,"aMS",%progbits,1
.L.str:
	.asciz	"\n__________________________________________\n"
	.size	.L.str, 45

	.type	.L.str.1,%object        @ @.str.1
.L.str.1:
	.asciz	"|   Trustzone AES Cryptography Demo      |\n"
	.size	.L.str.1, 44

	.type	.L.str.2,%object        @ @.str.2
.L.str.2:
	.asciz	"__________________________________________\n"
	.size	.L.str.2, 44

	.type	.L.str.3,%object        @ @.str.3
.L.str.3:
	.asciz	"Select: \n\t\t\t1 - Encrypt\n\t\t\t2 - Decrypt\n"
	.size	.L.str.3, 40

	.type	.L.str.4,%object        @ @.str.4
.L.str.4:
	.asciz	"Button 0 -SW2- pushed\n"
	.size	.L.str.4, 23

	.type	.L.str.5,%object        @ @.str.5
.L.str.5:
	.asciz	"Button 1 -SW3- pushed\n"
	.size	.L.str.5, 23

	.type	.L.str.6,%object        @ @.str.6
.L.str.6:
	.asciz	"Not used - get creative!\n"
	.size	.L.str.6, 26

	.type	.L.str.7,%object        @ @.str.7
.L.str.7:
	.asciz	"\n"
	.size	.L.str.7, 2

	.type	.L.str.8,%object        @ @.str.8
.L.str.8:
	.asciz	"GPI0 INTERRUPT INIT ......\n"
	.size	.L.str.8, 28

	.type	.L.str.9,%object        @ @.str.9
.L.str.9:
	.asciz	"GPI0 INTERRUPT INIT SUCCESSFULLY COMPLETED!\n"
	.size	.L.str.9, 45

	.type	.L.str.10,%object       @ @.str.10
.L.str.10:
	.asciz	"Non-secure code is running...\n"
	.size	.L.str.10, 31

	.section	.debug_str,"MS",%progbits,1
.Linfo_string0:
	.asciz	"Component: ARM Compiler 6.10.1 Tool: armclang [5d143200]" @ string offset=0
.Linfo_string1:
	.asciz	"../../NonSecure\\main_ns.c" @ string offset=57
.Linfo_string2:
	.asciz	"C:\\Users\\Nuvoton\\Desktop\\M2351BSP-master\\SampleCode\\TrustZone\\Trustzone_AES\\Nonsecure\\KEIL" @ string offset=83
.Linfo_string3:
	.asciz	"int"                   @ string offset=174
.Linfo_string4:
	.asciz	"NonMaskableInt_IRQn"   @ string offset=178
.Linfo_string5:
	.asciz	"HardFault_IRQn"        @ string offset=198
.Linfo_string6:
	.asciz	"SVCall_IRQn"           @ string offset=213
.Linfo_string7:
	.asciz	"PendSV_IRQn"           @ string offset=225
.Linfo_string8:
	.asciz	"SysTick_IRQn"          @ string offset=237
.Linfo_string9:
	.asciz	"BOD_IRQn"              @ string offset=250
.Linfo_string10:
	.asciz	"IRC_IRQn"              @ string offset=259
.Linfo_string11:
	.asciz	"PWRWU_IRQn"            @ string offset=268
.Linfo_string12:
	.asciz	"RAMPE_IRQn"            @ string offset=279
.Linfo_string13:
	.asciz	"CKFAIL_IRQn"           @ string offset=290
.Linfo_string14:
	.asciz	"ISP_IRQn"              @ string offset=302
.Linfo_string15:
	.asciz	"RTC_IRQn"              @ string offset=311
.Linfo_string16:
	.asciz	"TAMPER_IRQn"           @ string offset=320
.Linfo_string17:
	.asciz	"WDT_IRQn"              @ string offset=332
.Linfo_string18:
	.asciz	"WWDT_IRQn"             @ string offset=341
.Linfo_string19:
	.asciz	"EINT0_IRQn"            @ string offset=351
.Linfo_string20:
	.asciz	"EINT1_IRQn"            @ string offset=362
.Linfo_string21:
	.asciz	"EINT2_IRQn"            @ string offset=373
.Linfo_string22:
	.asciz	"EINT3_IRQn"            @ string offset=384
.Linfo_string23:
	.asciz	"EINT4_IRQn"            @ string offset=395
.Linfo_string24:
	.asciz	"EINT5_IRQn"            @ string offset=406
.Linfo_string25:
	.asciz	"GPA_IRQn"              @ string offset=417
.Linfo_string26:
	.asciz	"GPB_IRQn"              @ string offset=426
.Linfo_string27:
	.asciz	"GPC_IRQn"              @ string offset=435
.Linfo_string28:
	.asciz	"GPD_IRQn"              @ string offset=444
.Linfo_string29:
	.asciz	"GPE_IRQn"              @ string offset=453
.Linfo_string30:
	.asciz	"GPF_IRQn"              @ string offset=462
.Linfo_string31:
	.asciz	"QSPI0_IRQn"            @ string offset=471
.Linfo_string32:
	.asciz	"SPI0_IRQn"             @ string offset=482
.Linfo_string33:
	.asciz	"BRAKE0_IRQn"           @ string offset=492
.Linfo_string34:
	.asciz	"EPWM0_P0_IRQn"         @ string offset=504
.Linfo_string35:
	.asciz	"EPWM0_P1_IRQn"         @ string offset=518
.Linfo_string36:
	.asciz	"EPWM0_P2_IRQn"         @ string offset=532
.Linfo_string37:
	.asciz	"BRAKE1_IRQn"           @ string offset=546
.Linfo_string38:
	.asciz	"EPWM1_P0_IRQn"         @ string offset=558
.Linfo_string39:
	.asciz	"EPWM1_P1_IRQn"         @ string offset=572
.Linfo_string40:
	.asciz	"EPWM1_P2_IRQn"         @ string offset=586
.Linfo_string41:
	.asciz	"TMR0_IRQn"             @ string offset=600
.Linfo_string42:
	.asciz	"TMR1_IRQn"             @ string offset=610
.Linfo_string43:
	.asciz	"TMR2_IRQn"             @ string offset=620
.Linfo_string44:
	.asciz	"TMR3_IRQn"             @ string offset=630
.Linfo_string45:
	.asciz	"UART0_IRQn"            @ string offset=640
.Linfo_string46:
	.asciz	"UART1_IRQn"            @ string offset=651
.Linfo_string47:
	.asciz	"I2C0_IRQn"             @ string offset=662
.Linfo_string48:
	.asciz	"I2C1_IRQn"             @ string offset=672
.Linfo_string49:
	.asciz	"PDMA0_IRQn"            @ string offset=682
.Linfo_string50:
	.asciz	"DAC_IRQn"              @ string offset=693
.Linfo_string51:
	.asciz	"EADC0_IRQn"            @ string offset=702
.Linfo_string52:
	.asciz	"EADC1_IRQn"            @ string offset=713
.Linfo_string53:
	.asciz	"ACMP01_IRQn"           @ string offset=724
.Linfo_string54:
	.asciz	"EADC2_IRQn"            @ string offset=736
.Linfo_string55:
	.asciz	"EADC3_IRQn"            @ string offset=747
.Linfo_string56:
	.asciz	"UART2_IRQn"            @ string offset=758
.Linfo_string57:
	.asciz	"UART3_IRQn"            @ string offset=769
.Linfo_string58:
	.asciz	"SPI1_IRQn"             @ string offset=780
.Linfo_string59:
	.asciz	"SPI2_IRQn"             @ string offset=790
.Linfo_string60:
	.asciz	"USBD_IRQn"             @ string offset=800
.Linfo_string61:
	.asciz	"USBH_IRQn"             @ string offset=810
.Linfo_string62:
	.asciz	"USBOTG_IRQn"           @ string offset=820
.Linfo_string63:
	.asciz	"CAN0_IRQn"             @ string offset=832
.Linfo_string64:
	.asciz	"SC0_IRQn"              @ string offset=842
.Linfo_string65:
	.asciz	"SC1_IRQn"              @ string offset=851
.Linfo_string66:
	.asciz	"SC2_IRQn"              @ string offset=860
.Linfo_string67:
	.asciz	"SPI3_IRQn"             @ string offset=869
.Linfo_string68:
	.asciz	"SDH0_IRQn"             @ string offset=879
.Linfo_string69:
	.asciz	"I2S0_IRQn"             @ string offset=889
.Linfo_string70:
	.asciz	"CRPT_IRQn"             @ string offset=899
.Linfo_string71:
	.asciz	"GPG_IRQn"              @ string offset=909
.Linfo_string72:
	.asciz	"EINT6_IRQn"            @ string offset=918
.Linfo_string73:
	.asciz	"UART4_IRQn"            @ string offset=929
.Linfo_string74:
	.asciz	"UART5_IRQn"            @ string offset=940
.Linfo_string75:
	.asciz	"USCI0_IRQn"            @ string offset=951
.Linfo_string76:
	.asciz	"USCI1_IRQn"            @ string offset=962
.Linfo_string77:
	.asciz	"BPWM0_IRQn"            @ string offset=973
.Linfo_string78:
	.asciz	"BPWM1_IRQn"            @ string offset=984
.Linfo_string79:
	.asciz	"I2C2_IRQn"             @ string offset=995
.Linfo_string80:
	.asciz	"QEI0_IRQn"             @ string offset=1005
.Linfo_string81:
	.asciz	"QEI1_IRQn"             @ string offset=1015
.Linfo_string82:
	.asciz	"ECAP0_IRQn"            @ string offset=1025
.Linfo_string83:
	.asciz	"ECAP1_IRQn"            @ string offset=1036
.Linfo_string84:
	.asciz	"GPH_IRQn"              @ string offset=1047
.Linfo_string85:
	.asciz	"EINT7_IRQn"            @ string offset=1056
.Linfo_string86:
	.asciz	"PDMA1_IRQn"            @ string offset=1067
.Linfo_string87:
	.asciz	"SCU_IRQn"              @ string offset=1078
.Linfo_string88:
	.asciz	"TRNG_IRQn"             @ string offset=1087
.Linfo_string89:
	.asciz	"IRQn"                  @ string offset=1097
.Linfo_string90:
	.asciz	"MODE"                  @ string offset=1102
.Linfo_string91:
	.asciz	"unsigned int"          @ string offset=1107
.Linfo_string92:
	.asciz	"uint32_t"              @ string offset=1120
.Linfo_string93:
	.asciz	"DINOFF"                @ string offset=1129
.Linfo_string94:
	.asciz	"DOUT"                  @ string offset=1136
.Linfo_string95:
	.asciz	"DATMSK"                @ string offset=1141
.Linfo_string96:
	.asciz	"PIN"                   @ string offset=1148
.Linfo_string97:
	.asciz	"DBEN"                  @ string offset=1152
.Linfo_string98:
	.asciz	"INTTYPE"               @ string offset=1157
.Linfo_string99:
	.asciz	"INTEN"                 @ string offset=1165
.Linfo_string100:
	.asciz	"INTSRC"                @ string offset=1171
.Linfo_string101:
	.asciz	"SMTEN"                 @ string offset=1178
.Linfo_string102:
	.asciz	"SLEWCTL"               @ string offset=1184
.Linfo_string103:
	.asciz	"RESERVE0"              @ string offset=1192
.Linfo_string104:
	.asciz	"sizetype"              @ string offset=1201
.Linfo_string105:
	.asciz	"PUSEL"                 @ string offset=1210
.Linfo_string106:
	.asciz	"DBCTL"                 @ string offset=1216
.Linfo_string107:
	.asciz	"GPIO_T"                @ string offset=1222
.Linfo_string108:
	.asciz	"int32_t"               @ string offset=1229
.Linfo_string109:
	.asciz	"ISER"                  @ string offset=1237
.Linfo_string110:
	.asciz	"RESERVED0"             @ string offset=1242
.Linfo_string111:
	.asciz	"ICER"                  @ string offset=1252
.Linfo_string112:
	.asciz	"RSERVED1"              @ string offset=1257
.Linfo_string113:
	.asciz	"ISPR"                  @ string offset=1266
.Linfo_string114:
	.asciz	"RESERVED2"             @ string offset=1271
.Linfo_string115:
	.asciz	"ICPR"                  @ string offset=1281
.Linfo_string116:
	.asciz	"RESERVED3"             @ string offset=1286
.Linfo_string117:
	.asciz	"IABR"                  @ string offset=1296
.Linfo_string118:
	.asciz	"RESERVED4"             @ string offset=1301
.Linfo_string119:
	.asciz	"ITNS"                  @ string offset=1311
.Linfo_string120:
	.asciz	"RESERVED5"             @ string offset=1316
.Linfo_string121:
	.asciz	"IPR"                   @ string offset=1326
.Linfo_string122:
	.asciz	"NVIC_Type"             @ string offset=1330
.Linfo_string123:
	.asciz	"display_menue"         @ string offset=1340
.Linfo_string124:
	.asciz	"GPB_IRQHandler"        @ string offset=1354
.Linfo_string125:
	.asciz	"GPIO_INT_Init"         @ string offset=1369
.Linfo_string126:
	.asciz	"__NVIC_EnableIRQ"      @ string offset=1383
.Linfo_string127:
	.asciz	"main"                  @ string offset=1400
.Linfo_string128:
	.asciz	"select"                @ string offset=1405
.Linfo_string129:
	.asciz	"c"                     @ string offset=1412
.Linfo_string130:
	.asciz	"IRQn_Type"             @ string offset=1414
	.section	.debug_abbrev,"",%progbits
	.byte	1                       @ Abbreviation Code
	.byte	17                      @ DW_TAG_compile_unit
	.byte	1                       @ DW_CHILDREN_yes
	.byte	37                      @ DW_AT_producer
	.byte	14                      @ DW_FORM_strp
	.byte	19                      @ DW_AT_language
	.byte	5                       @ DW_FORM_data2
	.byte	3                       @ DW_AT_name
	.byte	14                      @ DW_FORM_strp
	.byte	16                      @ DW_AT_stmt_list
	.byte	6                       @ DW_FORM_data4
	.byte	27                      @ DW_AT_comp_dir
	.byte	14                      @ DW_FORM_strp
	.ascii	"\264B"                 @ DW_AT_GNU_pubnames
	.byte	12                      @ DW_FORM_flag
	.byte	17                      @ DW_AT_low_pc
	.byte	1                       @ DW_FORM_addr
	.byte	85                      @ DW_AT_ranges
	.byte	6                       @ DW_FORM_data4
	.byte	0                       @ EOM(1)
	.byte	0                       @ EOM(2)
	.byte	2                       @ Abbreviation Code
	.byte	4                       @ DW_TAG_enumeration_type
	.byte	1                       @ DW_CHILDREN_yes
	.byte	73                      @ DW_AT_type
	.byte	19                      @ DW_FORM_ref4
	.byte	3                       @ DW_AT_name
	.byte	14                      @ DW_FORM_strp
	.byte	11                      @ DW_AT_byte_size
	.byte	11                      @ DW_FORM_data1
	.byte	58                      @ DW_AT_decl_file
	.byte	11                      @ DW_FORM_data1
	.byte	59                      @ DW_AT_decl_line
	.byte	11                      @ DW_FORM_data1
	.byte	0                       @ EOM(1)
	.byte	0                       @ EOM(2)
	.byte	3                       @ Abbreviation Code
	.byte	40                      @ DW_TAG_enumerator
	.byte	0                       @ DW_CHILDREN_no
	.byte	3                       @ DW_AT_name
	.byte	14                      @ DW_FORM_strp
	.byte	28                      @ DW_AT_const_value
	.byte	13                      @ DW_FORM_sdata
	.byte	0                       @ EOM(1)
	.byte	0                       @ EOM(2)
	.byte	4                       @ Abbreviation Code
	.byte	36                      @ DW_TAG_base_type
	.byte	0                       @ DW_CHILDREN_no
	.byte	3                       @ DW_AT_name
	.byte	14                      @ DW_FORM_strp
	.byte	62                      @ DW_AT_encoding
	.byte	11                      @ DW_FORM_data1
	.byte	11                      @ DW_AT_byte_size
	.byte	11                      @ DW_FORM_data1
	.byte	0                       @ EOM(1)
	.byte	0                       @ EOM(2)
	.byte	5                       @ Abbreviation Code
	.byte	15                      @ DW_TAG_pointer_type
	.byte	0                       @ DW_CHILDREN_no
	.byte	73                      @ DW_AT_type
	.byte	19                      @ DW_FORM_ref4
	.byte	0                       @ EOM(1)
	.byte	0                       @ EOM(2)
	.byte	6                       @ Abbreviation Code
	.byte	22                      @ DW_TAG_typedef
	.byte	0                       @ DW_CHILDREN_no
	.byte	73                      @ DW_AT_type
	.byte	19                      @ DW_FORM_ref4
	.byte	3                       @ DW_AT_name
	.byte	14                      @ DW_FORM_strp
	.byte	58                      @ DW_AT_decl_file
	.byte	11                      @ DW_FORM_data1
	.byte	59                      @ DW_AT_decl_line
	.byte	5                       @ DW_FORM_data2
	.byte	0                       @ EOM(1)
	.byte	0                       @ EOM(2)
	.byte	7                       @ Abbreviation Code
	.byte	19                      @ DW_TAG_structure_type
	.byte	1                       @ DW_CHILDREN_yes
	.byte	11                      @ DW_AT_byte_size
	.byte	11                      @ DW_FORM_data1
	.byte	58                      @ DW_AT_decl_file
	.byte	11                      @ DW_FORM_data1
	.byte	59                      @ DW_AT_decl_line
	.byte	11                      @ DW_FORM_data1
	.byte	0                       @ EOM(1)
	.byte	0                       @ EOM(2)
	.byte	8                       @ Abbreviation Code
	.byte	13                      @ DW_TAG_member
	.byte	0                       @ DW_CHILDREN_no
	.byte	3                       @ DW_AT_name
	.byte	14                      @ DW_FORM_strp
	.byte	73                      @ DW_AT_type
	.byte	19                      @ DW_FORM_ref4
	.byte	58                      @ DW_AT_decl_file
	.byte	11                      @ DW_FORM_data1
	.byte	59                      @ DW_AT_decl_line
	.byte	5                       @ DW_FORM_data2
	.byte	56                      @ DW_AT_data_member_location
	.byte	11                      @ DW_FORM_data1
	.byte	0                       @ EOM(1)
	.byte	0                       @ EOM(2)
	.byte	9                       @ Abbreviation Code
	.byte	53                      @ DW_TAG_volatile_type
	.byte	0                       @ DW_CHILDREN_no
	.byte	73                      @ DW_AT_type
	.byte	19                      @ DW_FORM_ref4
	.byte	0                       @ EOM(1)
	.byte	0                       @ EOM(2)
	.byte	10                      @ Abbreviation Code
	.byte	22                      @ DW_TAG_typedef
	.byte	0                       @ DW_CHILDREN_no
	.byte	73                      @ DW_AT_type
	.byte	19                      @ DW_FORM_ref4
	.byte	3                       @ DW_AT_name
	.byte	14                      @ DW_FORM_strp
	.byte	58                      @ DW_AT_decl_file
	.byte	11                      @ DW_FORM_data1
	.byte	59                      @ DW_AT_decl_line
	.byte	11                      @ DW_FORM_data1
	.byte	0                       @ EOM(1)
	.byte	0                       @ EOM(2)
	.byte	11                      @ Abbreviation Code
	.byte	38                      @ DW_TAG_const_type
	.byte	0                       @ DW_CHILDREN_no
	.byte	73                      @ DW_AT_type
	.byte	19                      @ DW_FORM_ref4
	.byte	0                       @ EOM(1)
	.byte	0                       @ EOM(2)
	.byte	12                      @ Abbreviation Code
	.byte	1                       @ DW_TAG_array_type
	.byte	1                       @ DW_CHILDREN_yes
	.byte	73                      @ DW_AT_type
	.byte	19                      @ DW_FORM_ref4
	.byte	0                       @ EOM(1)
	.byte	0                       @ EOM(2)
	.byte	13                      @ Abbreviation Code
	.byte	33                      @ DW_TAG_subrange_type
	.byte	0                       @ DW_CHILDREN_no
	.byte	73                      @ DW_AT_type
	.byte	19                      @ DW_FORM_ref4
	.byte	55                      @ DW_AT_count
	.byte	11                      @ DW_FORM_data1
	.byte	0                       @ EOM(1)
	.byte	0                       @ EOM(2)
	.byte	14                      @ Abbreviation Code
	.byte	36                      @ DW_TAG_base_type
	.byte	0                       @ DW_CHILDREN_no
	.byte	3                       @ DW_AT_name
	.byte	14                      @ DW_FORM_strp
	.byte	11                      @ DW_AT_byte_size
	.byte	11                      @ DW_FORM_data1
	.byte	62                      @ DW_AT_encoding
	.byte	11                      @ DW_FORM_data1
	.byte	0                       @ EOM(1)
	.byte	0                       @ EOM(2)
	.byte	15                      @ Abbreviation Code
	.byte	19                      @ DW_TAG_structure_type
	.byte	1                       @ DW_CHILDREN_yes
	.byte	11                      @ DW_AT_byte_size
	.byte	5                       @ DW_FORM_data2
	.byte	58                      @ DW_AT_decl_file
	.byte	11                      @ DW_FORM_data1
	.byte	59                      @ DW_AT_decl_line
	.byte	5                       @ DW_FORM_data2
	.byte	0                       @ EOM(1)
	.byte	0                       @ EOM(2)
	.byte	16                      @ Abbreviation Code
	.byte	13                      @ DW_TAG_member
	.byte	0                       @ DW_CHILDREN_no
	.byte	3                       @ DW_AT_name
	.byte	14                      @ DW_FORM_strp
	.byte	73                      @ DW_AT_type
	.byte	19                      @ DW_FORM_ref4
	.byte	58                      @ DW_AT_decl_file
	.byte	11                      @ DW_FORM_data1
	.byte	59                      @ DW_AT_decl_line
	.byte	5                       @ DW_FORM_data2
	.byte	56                      @ DW_AT_data_member_location
	.byte	5                       @ DW_FORM_data2
	.byte	0                       @ EOM(1)
	.byte	0                       @ EOM(2)
	.byte	17                      @ Abbreviation Code
	.byte	46                      @ DW_TAG_subprogram
	.byte	1                       @ DW_CHILDREN_yes
	.byte	17                      @ DW_AT_low_pc
	.byte	1                       @ DW_FORM_addr
	.byte	18                      @ DW_AT_high_pc
	.byte	1                       @ DW_FORM_addr
	.byte	64                      @ DW_AT_frame_base
	.byte	10                      @ DW_FORM_block1
	.byte	3                       @ DW_AT_name
	.byte	14                      @ DW_FORM_strp
	.byte	58                      @ DW_AT_decl_file
	.byte	11                      @ DW_FORM_data1
	.byte	59                      @ DW_AT_decl_line
	.byte	11                      @ DW_FORM_data1
	.byte	39                      @ DW_AT_prototyped
	.byte	12                      @ DW_FORM_flag
	.byte	63                      @ DW_AT_external
	.byte	12                      @ DW_FORM_flag
	.byte	0                       @ EOM(1)
	.byte	0                       @ EOM(2)
	.byte	18                      @ Abbreviation Code
	.byte	52                      @ DW_TAG_variable
	.byte	0                       @ DW_CHILDREN_no
	.byte	2                       @ DW_AT_location
	.byte	10                      @ DW_FORM_block1
	.byte	3                       @ DW_AT_name
	.byte	14                      @ DW_FORM_strp
	.byte	58                      @ DW_AT_decl_file
	.byte	11                      @ DW_FORM_data1
	.byte	59                      @ DW_AT_decl_line
	.byte	11                      @ DW_FORM_data1
	.byte	73                      @ DW_AT_type
	.byte	19                      @ DW_FORM_ref4
	.byte	0                       @ EOM(1)
	.byte	0                       @ EOM(2)
	.byte	19                      @ Abbreviation Code
	.byte	46                      @ DW_TAG_subprogram
	.byte	0                       @ DW_CHILDREN_no
	.byte	17                      @ DW_AT_low_pc
	.byte	1                       @ DW_FORM_addr
	.byte	18                      @ DW_AT_high_pc
	.byte	1                       @ DW_FORM_addr
	.byte	64                      @ DW_AT_frame_base
	.byte	10                      @ DW_FORM_block1
	.byte	3                       @ DW_AT_name
	.byte	14                      @ DW_FORM_strp
	.byte	58                      @ DW_AT_decl_file
	.byte	11                      @ DW_FORM_data1
	.byte	59                      @ DW_AT_decl_line
	.byte	11                      @ DW_FORM_data1
	.byte	39                      @ DW_AT_prototyped
	.byte	12                      @ DW_FORM_flag
	.byte	63                      @ DW_AT_external
	.byte	12                      @ DW_FORM_flag
	.byte	0                       @ EOM(1)
	.byte	0                       @ EOM(2)
	.byte	20                      @ Abbreviation Code
	.byte	46                      @ DW_TAG_subprogram
	.byte	1                       @ DW_CHILDREN_yes
	.byte	17                      @ DW_AT_low_pc
	.byte	1                       @ DW_FORM_addr
	.byte	18                      @ DW_AT_high_pc
	.byte	1                       @ DW_FORM_addr
	.byte	64                      @ DW_AT_frame_base
	.byte	10                      @ DW_FORM_block1
	.byte	3                       @ DW_AT_name
	.byte	14                      @ DW_FORM_strp
	.byte	58                      @ DW_AT_decl_file
	.byte	11                      @ DW_FORM_data1
	.byte	59                      @ DW_AT_decl_line
	.byte	5                       @ DW_FORM_data2
	.byte	39                      @ DW_AT_prototyped
	.byte	12                      @ DW_FORM_flag
	.byte	0                       @ EOM(1)
	.byte	0                       @ EOM(2)
	.byte	21                      @ Abbreviation Code
	.byte	5                       @ DW_TAG_formal_parameter
	.byte	0                       @ DW_CHILDREN_no
	.byte	2                       @ DW_AT_location
	.byte	10                      @ DW_FORM_block1
	.byte	3                       @ DW_AT_name
	.byte	14                      @ DW_FORM_strp
	.byte	58                      @ DW_AT_decl_file
	.byte	11                      @ DW_FORM_data1
	.byte	59                      @ DW_AT_decl_line
	.byte	5                       @ DW_FORM_data2
	.byte	73                      @ DW_AT_type
	.byte	19                      @ DW_FORM_ref4
	.byte	0                       @ EOM(1)
	.byte	0                       @ EOM(2)
	.byte	22                      @ Abbreviation Code
	.byte	46                      @ DW_TAG_subprogram
	.byte	0                       @ DW_CHILDREN_no
	.byte	17                      @ DW_AT_low_pc
	.byte	1                       @ DW_FORM_addr
	.byte	18                      @ DW_AT_high_pc
	.byte	1                       @ DW_FORM_addr
	.byte	64                      @ DW_AT_frame_base
	.byte	10                      @ DW_FORM_block1
	.byte	3                       @ DW_AT_name
	.byte	14                      @ DW_FORM_strp
	.byte	58                      @ DW_AT_decl_file
	.byte	11                      @ DW_FORM_data1
	.byte	59                      @ DW_AT_decl_line
	.byte	11                      @ DW_FORM_data1
	.byte	39                      @ DW_AT_prototyped
	.byte	12                      @ DW_FORM_flag
	.byte	73                      @ DW_AT_type
	.byte	19                      @ DW_FORM_ref4
	.byte	63                      @ DW_AT_external
	.byte	12                      @ DW_FORM_flag
	.byte	0                       @ EOM(1)
	.byte	0                       @ EOM(2)
	.byte	0                       @ EOM(3)
	.section	.debug_info,"",%progbits
.Lcu_begin0:
	.long	1242                    @ Length of Unit
	.short	3                       @ DWARF version number
	.long	.debug_abbrev           @ Offset Into Abbrev. Section
	.byte	4                       @ Address Size (in bytes)
	.byte	1                       @ Abbrev [1] 0xb:0x4d3 DW_TAG_compile_unit
	.long	.Linfo_string0          @ DW_AT_producer
	.short	12                      @ DW_AT_language
	.long	.Linfo_string1          @ DW_AT_name
	.long	.Lline_table_start0     @ DW_AT_stmt_list
	.long	.Linfo_string2          @ DW_AT_comp_dir
	.byte	1                       @ DW_AT_GNU_pubnames
	.long	0                       @ DW_AT_low_pc
	.long	.Ldebug_ranges0         @ DW_AT_ranges
	.byte	2                       @ Abbrev [2] 0x27:0x220 DW_TAG_enumeration_type
	.long	583                     @ DW_AT_type
	.long	.Linfo_string89         @ DW_AT_name
	.byte	4                       @ DW_AT_byte_size
	.byte	1                       @ DW_AT_decl_file
	.byte	57                      @ DW_AT_decl_line
	.byte	3                       @ Abbrev [3] 0x33:0x6 DW_TAG_enumerator
	.long	.Linfo_string4          @ DW_AT_name
	.byte	114                     @ DW_AT_const_value
	.byte	3                       @ Abbrev [3] 0x39:0x6 DW_TAG_enumerator
	.long	.Linfo_string5          @ DW_AT_name
	.byte	115                     @ DW_AT_const_value
	.byte	3                       @ Abbrev [3] 0x3f:0x6 DW_TAG_enumerator
	.long	.Linfo_string6          @ DW_AT_name
	.byte	123                     @ DW_AT_const_value
	.byte	3                       @ Abbrev [3] 0x45:0x6 DW_TAG_enumerator
	.long	.Linfo_string7          @ DW_AT_name
	.byte	126                     @ DW_AT_const_value
	.byte	3                       @ Abbrev [3] 0x4b:0x6 DW_TAG_enumerator
	.long	.Linfo_string8          @ DW_AT_name
	.byte	127                     @ DW_AT_const_value
	.byte	3                       @ Abbrev [3] 0x51:0x6 DW_TAG_enumerator
	.long	.Linfo_string9          @ DW_AT_name
	.byte	0                       @ DW_AT_const_value
	.byte	3                       @ Abbrev [3] 0x57:0x6 DW_TAG_enumerator
	.long	.Linfo_string10         @ DW_AT_name
	.byte	1                       @ DW_AT_const_value
	.byte	3                       @ Abbrev [3] 0x5d:0x6 DW_TAG_enumerator
	.long	.Linfo_string11         @ DW_AT_name
	.byte	2                       @ DW_AT_const_value
	.byte	3                       @ Abbrev [3] 0x63:0x6 DW_TAG_enumerator
	.long	.Linfo_string12         @ DW_AT_name
	.byte	3                       @ DW_AT_const_value
	.byte	3                       @ Abbrev [3] 0x69:0x6 DW_TAG_enumerator
	.long	.Linfo_string13         @ DW_AT_name
	.byte	4                       @ DW_AT_const_value
	.byte	3                       @ Abbrev [3] 0x6f:0x6 DW_TAG_enumerator
	.long	.Linfo_string14         @ DW_AT_name
	.byte	5                       @ DW_AT_const_value
	.byte	3                       @ Abbrev [3] 0x75:0x6 DW_TAG_enumerator
	.long	.Linfo_string15         @ DW_AT_name
	.byte	6                       @ DW_AT_const_value
	.byte	3                       @ Abbrev [3] 0x7b:0x6 DW_TAG_enumerator
	.long	.Linfo_string16         @ DW_AT_name
	.byte	7                       @ DW_AT_const_value
	.byte	3                       @ Abbrev [3] 0x81:0x6 DW_TAG_enumerator
	.long	.Linfo_string17         @ DW_AT_name
	.byte	8                       @ DW_AT_const_value
	.byte	3                       @ Abbrev [3] 0x87:0x6 DW_TAG_enumerator
	.long	.Linfo_string18         @ DW_AT_name
	.byte	9                       @ DW_AT_const_value
	.byte	3                       @ Abbrev [3] 0x8d:0x6 DW_TAG_enumerator
	.long	.Linfo_string19         @ DW_AT_name
	.byte	10                      @ DW_AT_const_value
	.byte	3                       @ Abbrev [3] 0x93:0x6 DW_TAG_enumerator
	.long	.Linfo_string20         @ DW_AT_name
	.byte	11                      @ DW_AT_const_value
	.byte	3                       @ Abbrev [3] 0x99:0x6 DW_TAG_enumerator
	.long	.Linfo_string21         @ DW_AT_name
	.byte	12                      @ DW_AT_const_value
	.byte	3                       @ Abbrev [3] 0x9f:0x6 DW_TAG_enumerator
	.long	.Linfo_string22         @ DW_AT_name
	.byte	13                      @ DW_AT_const_value
	.byte	3                       @ Abbrev [3] 0xa5:0x6 DW_TAG_enumerator
	.long	.Linfo_string23         @ DW_AT_name
	.byte	14                      @ DW_AT_const_value
	.byte	3                       @ Abbrev [3] 0xab:0x6 DW_TAG_enumerator
	.long	.Linfo_string24         @ DW_AT_name
	.byte	15                      @ DW_AT_const_value
	.byte	3                       @ Abbrev [3] 0xb1:0x6 DW_TAG_enumerator
	.long	.Linfo_string25         @ DW_AT_name
	.byte	16                      @ DW_AT_const_value
	.byte	3                       @ Abbrev [3] 0xb7:0x6 DW_TAG_enumerator
	.long	.Linfo_string26         @ DW_AT_name
	.byte	17                      @ DW_AT_const_value
	.byte	3                       @ Abbrev [3] 0xbd:0x6 DW_TAG_enumerator
	.long	.Linfo_string27         @ DW_AT_name
	.byte	18                      @ DW_AT_const_value
	.byte	3                       @ Abbrev [3] 0xc3:0x6 DW_TAG_enumerator
	.long	.Linfo_string28         @ DW_AT_name
	.byte	19                      @ DW_AT_const_value
	.byte	3                       @ Abbrev [3] 0xc9:0x6 DW_TAG_enumerator
	.long	.Linfo_string29         @ DW_AT_name
	.byte	20                      @ DW_AT_const_value
	.byte	3                       @ Abbrev [3] 0xcf:0x6 DW_TAG_enumerator
	.long	.Linfo_string30         @ DW_AT_name
	.byte	21                      @ DW_AT_const_value
	.byte	3                       @ Abbrev [3] 0xd5:0x6 DW_TAG_enumerator
	.long	.Linfo_string31         @ DW_AT_name
	.byte	22                      @ DW_AT_const_value
	.byte	3                       @ Abbrev [3] 0xdb:0x6 DW_TAG_enumerator
	.long	.Linfo_string32         @ DW_AT_name
	.byte	23                      @ DW_AT_const_value
	.byte	3                       @ Abbrev [3] 0xe1:0x6 DW_TAG_enumerator
	.long	.Linfo_string33         @ DW_AT_name
	.byte	24                      @ DW_AT_const_value
	.byte	3                       @ Abbrev [3] 0xe7:0x6 DW_TAG_enumerator
	.long	.Linfo_string34         @ DW_AT_name
	.byte	25                      @ DW_AT_const_value
	.byte	3                       @ Abbrev [3] 0xed:0x6 DW_TAG_enumerator
	.long	.Linfo_string35         @ DW_AT_name
	.byte	26                      @ DW_AT_const_value
	.byte	3                       @ Abbrev [3] 0xf3:0x6 DW_TAG_enumerator
	.long	.Linfo_string36         @ DW_AT_name
	.byte	27                      @ DW_AT_const_value
	.byte	3                       @ Abbrev [3] 0xf9:0x6 DW_TAG_enumerator
	.long	.Linfo_string37         @ DW_AT_name
	.byte	28                      @ DW_AT_const_value
	.byte	3                       @ Abbrev [3] 0xff:0x6 DW_TAG_enumerator
	.long	.Linfo_string38         @ DW_AT_name
	.byte	29                      @ DW_AT_const_value
	.byte	3                       @ Abbrev [3] 0x105:0x6 DW_TAG_enumerator
	.long	.Linfo_string39         @ DW_AT_name
	.byte	30                      @ DW_AT_const_value
	.byte	3                       @ Abbrev [3] 0x10b:0x6 DW_TAG_enumerator
	.long	.Linfo_string40         @ DW_AT_name
	.byte	31                      @ DW_AT_const_value
	.byte	3                       @ Abbrev [3] 0x111:0x6 DW_TAG_enumerator
	.long	.Linfo_string41         @ DW_AT_name
	.byte	32                      @ DW_AT_const_value
	.byte	3                       @ Abbrev [3] 0x117:0x6 DW_TAG_enumerator
	.long	.Linfo_string42         @ DW_AT_name
	.byte	33                      @ DW_AT_const_value
	.byte	3                       @ Abbrev [3] 0x11d:0x6 DW_TAG_enumerator
	.long	.Linfo_string43         @ DW_AT_name
	.byte	34                      @ DW_AT_const_value
	.byte	3                       @ Abbrev [3] 0x123:0x6 DW_TAG_enumerator
	.long	.Linfo_string44         @ DW_AT_name
	.byte	35                      @ DW_AT_const_value
	.byte	3                       @ Abbrev [3] 0x129:0x6 DW_TAG_enumerator
	.long	.Linfo_string45         @ DW_AT_name
	.byte	36                      @ DW_AT_const_value
	.byte	3                       @ Abbrev [3] 0x12f:0x6 DW_TAG_enumerator
	.long	.Linfo_string46         @ DW_AT_name
	.byte	37                      @ DW_AT_const_value
	.byte	3                       @ Abbrev [3] 0x135:0x6 DW_TAG_enumerator
	.long	.Linfo_string47         @ DW_AT_name
	.byte	38                      @ DW_AT_const_value
	.byte	3                       @ Abbrev [3] 0x13b:0x6 DW_TAG_enumerator
	.long	.Linfo_string48         @ DW_AT_name
	.byte	39                      @ DW_AT_const_value
	.byte	3                       @ Abbrev [3] 0x141:0x6 DW_TAG_enumerator
	.long	.Linfo_string49         @ DW_AT_name
	.byte	40                      @ DW_AT_const_value
	.byte	3                       @ Abbrev [3] 0x147:0x6 DW_TAG_enumerator
	.long	.Linfo_string50         @ DW_AT_name
	.byte	41                      @ DW_AT_const_value
	.byte	3                       @ Abbrev [3] 0x14d:0x6 DW_TAG_enumerator
	.long	.Linfo_string51         @ DW_AT_name
	.byte	42                      @ DW_AT_const_value
	.byte	3                       @ Abbrev [3] 0x153:0x6 DW_TAG_enumerator
	.long	.Linfo_string52         @ DW_AT_name
	.byte	43                      @ DW_AT_const_value
	.byte	3                       @ Abbrev [3] 0x159:0x6 DW_TAG_enumerator
	.long	.Linfo_string53         @ DW_AT_name
	.byte	44                      @ DW_AT_const_value
	.byte	3                       @ Abbrev [3] 0x15f:0x6 DW_TAG_enumerator
	.long	.Linfo_string54         @ DW_AT_name
	.byte	46                      @ DW_AT_const_value
	.byte	3                       @ Abbrev [3] 0x165:0x6 DW_TAG_enumerator
	.long	.Linfo_string55         @ DW_AT_name
	.byte	47                      @ DW_AT_const_value
	.byte	3                       @ Abbrev [3] 0x16b:0x6 DW_TAG_enumerator
	.long	.Linfo_string56         @ DW_AT_name
	.byte	48                      @ DW_AT_const_value
	.byte	3                       @ Abbrev [3] 0x171:0x6 DW_TAG_enumerator
	.long	.Linfo_string57         @ DW_AT_name
	.byte	49                      @ DW_AT_const_value
	.byte	3                       @ Abbrev [3] 0x177:0x6 DW_TAG_enumerator
	.long	.Linfo_string58         @ DW_AT_name
	.byte	51                      @ DW_AT_const_value
	.byte	3                       @ Abbrev [3] 0x17d:0x6 DW_TAG_enumerator
	.long	.Linfo_string59         @ DW_AT_name
	.byte	52                      @ DW_AT_const_value
	.byte	3                       @ Abbrev [3] 0x183:0x6 DW_TAG_enumerator
	.long	.Linfo_string60         @ DW_AT_name
	.byte	53                      @ DW_AT_const_value
	.byte	3                       @ Abbrev [3] 0x189:0x6 DW_TAG_enumerator
	.long	.Linfo_string61         @ DW_AT_name
	.byte	54                      @ DW_AT_const_value
	.byte	3                       @ Abbrev [3] 0x18f:0x6 DW_TAG_enumerator
	.long	.Linfo_string62         @ DW_AT_name
	.byte	55                      @ DW_AT_const_value
	.byte	3                       @ Abbrev [3] 0x195:0x6 DW_TAG_enumerator
	.long	.Linfo_string63         @ DW_AT_name
	.byte	56                      @ DW_AT_const_value
	.byte	3                       @ Abbrev [3] 0x19b:0x6 DW_TAG_enumerator
	.long	.Linfo_string64         @ DW_AT_name
	.byte	58                      @ DW_AT_const_value
	.byte	3                       @ Abbrev [3] 0x1a1:0x6 DW_TAG_enumerator
	.long	.Linfo_string65         @ DW_AT_name
	.byte	59                      @ DW_AT_const_value
	.byte	3                       @ Abbrev [3] 0x1a7:0x6 DW_TAG_enumerator
	.long	.Linfo_string66         @ DW_AT_name
	.byte	60                      @ DW_AT_const_value
	.byte	3                       @ Abbrev [3] 0x1ad:0x6 DW_TAG_enumerator
	.long	.Linfo_string67         @ DW_AT_name
	.byte	62                      @ DW_AT_const_value
	.byte	3                       @ Abbrev [3] 0x1b3:0x7 DW_TAG_enumerator
	.long	.Linfo_string68         @ DW_AT_name
	.asciz	"\300"                  @ DW_AT_const_value
	.byte	3                       @ Abbrev [3] 0x1ba:0x7 DW_TAG_enumerator
	.long	.Linfo_string69         @ DW_AT_name
	.asciz	"\304"                  @ DW_AT_const_value
	.byte	3                       @ Abbrev [3] 0x1c1:0x7 DW_TAG_enumerator
	.long	.Linfo_string70         @ DW_AT_name
	.asciz	"\307"                  @ DW_AT_const_value
	.byte	3                       @ Abbrev [3] 0x1c8:0x7 DW_TAG_enumerator
	.long	.Linfo_string71         @ DW_AT_name
	.asciz	"\310"                  @ DW_AT_const_value
	.byte	3                       @ Abbrev [3] 0x1cf:0x7 DW_TAG_enumerator
	.long	.Linfo_string72         @ DW_AT_name
	.asciz	"\311"                  @ DW_AT_const_value
	.byte	3                       @ Abbrev [3] 0x1d6:0x7 DW_TAG_enumerator
	.long	.Linfo_string73         @ DW_AT_name
	.asciz	"\312"                  @ DW_AT_const_value
	.byte	3                       @ Abbrev [3] 0x1dd:0x7 DW_TAG_enumerator
	.long	.Linfo_string74         @ DW_AT_name
	.asciz	"\313"                  @ DW_AT_const_value
	.byte	3                       @ Abbrev [3] 0x1e4:0x7 DW_TAG_enumerator
	.long	.Linfo_string75         @ DW_AT_name
	.asciz	"\314"                  @ DW_AT_const_value
	.byte	3                       @ Abbrev [3] 0x1eb:0x7 DW_TAG_enumerator
	.long	.Linfo_string76         @ DW_AT_name
	.asciz	"\315"                  @ DW_AT_const_value
	.byte	3                       @ Abbrev [3] 0x1f2:0x7 DW_TAG_enumerator
	.long	.Linfo_string77         @ DW_AT_name
	.asciz	"\316"                  @ DW_AT_const_value
	.byte	3                       @ Abbrev [3] 0x1f9:0x7 DW_TAG_enumerator
	.long	.Linfo_string78         @ DW_AT_name
	.asciz	"\317"                  @ DW_AT_const_value
	.byte	3                       @ Abbrev [3] 0x200:0x7 DW_TAG_enumerator
	.long	.Linfo_string79         @ DW_AT_name
	.asciz	"\322"                  @ DW_AT_const_value
	.byte	3                       @ Abbrev [3] 0x207:0x7 DW_TAG_enumerator
	.long	.Linfo_string80         @ DW_AT_name
	.asciz	"\324"                  @ DW_AT_const_value
	.byte	3                       @ Abbrev [3] 0x20e:0x7 DW_TAG_enumerator
	.long	.Linfo_string81         @ DW_AT_name
	.asciz	"\325"                  @ DW_AT_const_value
	.byte	3                       @ Abbrev [3] 0x215:0x7 DW_TAG_enumerator
	.long	.Linfo_string82         @ DW_AT_name
	.asciz	"\326"                  @ DW_AT_const_value
	.byte	3                       @ Abbrev [3] 0x21c:0x7 DW_TAG_enumerator
	.long	.Linfo_string83         @ DW_AT_name
	.asciz	"\327"                  @ DW_AT_const_value
	.byte	3                       @ Abbrev [3] 0x223:0x7 DW_TAG_enumerator
	.long	.Linfo_string84         @ DW_AT_name
	.asciz	"\330"                  @ DW_AT_const_value
	.byte	3                       @ Abbrev [3] 0x22a:0x7 DW_TAG_enumerator
	.long	.Linfo_string85         @ DW_AT_name
	.asciz	"\331"                  @ DW_AT_const_value
	.byte	3                       @ Abbrev [3] 0x231:0x7 DW_TAG_enumerator
	.long	.Linfo_string86         @ DW_AT_name
	.asciz	"\342"                  @ DW_AT_const_value
	.byte	3                       @ Abbrev [3] 0x238:0x7 DW_TAG_enumerator
	.long	.Linfo_string87         @ DW_AT_name
	.asciz	"\343"                  @ DW_AT_const_value
	.byte	3                       @ Abbrev [3] 0x23f:0x7 DW_TAG_enumerator
	.long	.Linfo_string88         @ DW_AT_name
	.asciz	"\345"                  @ DW_AT_const_value
	.byte	0                       @ End Of Children Mark
	.byte	4                       @ Abbrev [4] 0x247:0x7 DW_TAG_base_type
	.long	.Linfo_string3          @ DW_AT_name
	.byte	5                       @ DW_AT_encoding
	.byte	4                       @ DW_AT_byte_size
	.byte	5                       @ Abbrev [5] 0x24e:0x5 DW_TAG_pointer_type
	.long	595                     @ DW_AT_type
	.byte	6                       @ Abbrev [6] 0x253:0xc DW_TAG_typedef
	.long	607                     @ DW_AT_type
	.long	.Linfo_string107        @ DW_AT_name
	.byte	3                       @ DW_AT_decl_file
	.short	314                     @ DW_AT_decl_line
	.byte	7                       @ Abbrev [7] 0x25f:0xbb DW_TAG_structure_type
	.byte	56                      @ DW_AT_byte_size
	.byte	3                       @ DW_AT_decl_file
	.byte	23                      @ DW_AT_decl_line
	.byte	8                       @ Abbrev [8] 0x263:0xd DW_TAG_member
	.long	.Linfo_string90         @ DW_AT_name
	.long	794                     @ DW_AT_type
	.byte	3                       @ DW_AT_decl_file
	.short	299                     @ DW_AT_decl_line
	.byte	0                       @ DW_AT_data_member_location
	.byte	8                       @ Abbrev [8] 0x270:0xd DW_TAG_member
	.long	.Linfo_string93         @ DW_AT_name
	.long	794                     @ DW_AT_type
	.byte	3                       @ DW_AT_decl_file
	.short	300                     @ DW_AT_decl_line
	.byte	4                       @ DW_AT_data_member_location
	.byte	8                       @ Abbrev [8] 0x27d:0xd DW_TAG_member
	.long	.Linfo_string94         @ DW_AT_name
	.long	794                     @ DW_AT_type
	.byte	3                       @ DW_AT_decl_file
	.short	301                     @ DW_AT_decl_line
	.byte	8                       @ DW_AT_data_member_location
	.byte	8                       @ Abbrev [8] 0x28a:0xd DW_TAG_member
	.long	.Linfo_string95         @ DW_AT_name
	.long	794                     @ DW_AT_type
	.byte	3                       @ DW_AT_decl_file
	.short	302                     @ DW_AT_decl_line
	.byte	12                      @ DW_AT_data_member_location
	.byte	8                       @ Abbrev [8] 0x297:0xd DW_TAG_member
	.long	.Linfo_string96         @ DW_AT_name
	.long	817                     @ DW_AT_type
	.byte	3                       @ DW_AT_decl_file
	.short	303                     @ DW_AT_decl_line
	.byte	16                      @ DW_AT_data_member_location
	.byte	8                       @ Abbrev [8] 0x2a4:0xd DW_TAG_member
	.long	.Linfo_string97         @ DW_AT_name
	.long	794                     @ DW_AT_type
	.byte	3                       @ DW_AT_decl_file
	.short	304                     @ DW_AT_decl_line
	.byte	20                      @ DW_AT_data_member_location
	.byte	8                       @ Abbrev [8] 0x2b1:0xd DW_TAG_member
	.long	.Linfo_string98         @ DW_AT_name
	.long	794                     @ DW_AT_type
	.byte	3                       @ DW_AT_decl_file
	.short	305                     @ DW_AT_decl_line
	.byte	24                      @ DW_AT_data_member_location
	.byte	8                       @ Abbrev [8] 0x2be:0xd DW_TAG_member
	.long	.Linfo_string99         @ DW_AT_name
	.long	794                     @ DW_AT_type
	.byte	3                       @ DW_AT_decl_file
	.short	306                     @ DW_AT_decl_line
	.byte	28                      @ DW_AT_data_member_location
	.byte	8                       @ Abbrev [8] 0x2cb:0xd DW_TAG_member
	.long	.Linfo_string100        @ DW_AT_name
	.long	794                     @ DW_AT_type
	.byte	3                       @ DW_AT_decl_file
	.short	307                     @ DW_AT_decl_line
	.byte	32                      @ DW_AT_data_member_location
	.byte	8                       @ Abbrev [8] 0x2d8:0xd DW_TAG_member
	.long	.Linfo_string101        @ DW_AT_name
	.long	794                     @ DW_AT_type
	.byte	3                       @ DW_AT_decl_file
	.short	308                     @ DW_AT_decl_line
	.byte	36                      @ DW_AT_data_member_location
	.byte	8                       @ Abbrev [8] 0x2e5:0xd DW_TAG_member
	.long	.Linfo_string102        @ DW_AT_name
	.long	794                     @ DW_AT_type
	.byte	3                       @ DW_AT_decl_file
	.short	309                     @ DW_AT_decl_line
	.byte	40                      @ DW_AT_data_member_location
	.byte	8                       @ Abbrev [8] 0x2f2:0xd DW_TAG_member
	.long	.Linfo_string103        @ DW_AT_name
	.long	822                     @ DW_AT_type
	.byte	3                       @ DW_AT_decl_file
	.short	310                     @ DW_AT_decl_line
	.byte	44                      @ DW_AT_data_member_location
	.byte	8                       @ Abbrev [8] 0x2ff:0xd DW_TAG_member
	.long	.Linfo_string105        @ DW_AT_name
	.long	794                     @ DW_AT_type
	.byte	3                       @ DW_AT_decl_file
	.short	311                     @ DW_AT_decl_line
	.byte	48                      @ DW_AT_data_member_location
	.byte	8                       @ Abbrev [8] 0x30c:0xd DW_TAG_member
	.long	.Linfo_string106        @ DW_AT_name
	.long	794                     @ DW_AT_type
	.byte	3                       @ DW_AT_decl_file
	.short	312                     @ DW_AT_decl_line
	.byte	52                      @ DW_AT_data_member_location
	.byte	0                       @ End Of Children Mark
	.byte	9                       @ Abbrev [9] 0x31a:0x5 DW_TAG_volatile_type
	.long	799                     @ DW_AT_type
	.byte	10                      @ Abbrev [10] 0x31f:0xb DW_TAG_typedef
	.long	810                     @ DW_AT_type
	.long	.Linfo_string92         @ DW_AT_name
	.byte	2                       @ DW_AT_decl_file
	.byte	64                      @ DW_AT_decl_line
	.byte	4                       @ Abbrev [4] 0x32a:0x7 DW_TAG_base_type
	.long	.Linfo_string91         @ DW_AT_name
	.byte	7                       @ DW_AT_encoding
	.byte	4                       @ DW_AT_byte_size
	.byte	11                      @ Abbrev [11] 0x331:0x5 DW_TAG_const_type
	.long	794                     @ DW_AT_type
	.byte	12                      @ Abbrev [12] 0x336:0xc DW_TAG_array_type
	.long	817                     @ DW_AT_type
	.byte	13                      @ Abbrev [13] 0x33b:0x6 DW_TAG_subrange_type
	.long	834                     @ DW_AT_type
	.byte	1                       @ DW_AT_count
	.byte	0                       @ End Of Children Mark
	.byte	14                      @ Abbrev [14] 0x342:0x7 DW_TAG_base_type
	.long	.Linfo_string104        @ DW_AT_name
	.byte	8                       @ DW_AT_byte_size
	.byte	7                       @ DW_AT_encoding
	.byte	10                      @ Abbrev [10] 0x349:0xb DW_TAG_typedef
	.long	583                     @ DW_AT_type
	.long	.Linfo_string108        @ DW_AT_name
	.byte	2                       @ DW_AT_decl_file
	.byte	58                      @ DW_AT_decl_line
	.byte	5                       @ Abbrev [5] 0x354:0x5 DW_TAG_pointer_type
	.long	857                     @ DW_AT_type
	.byte	6                       @ Abbrev [6] 0x359:0xc DW_TAG_typedef
	.long	869                     @ DW_AT_type
	.long	.Linfo_string122        @ DW_AT_name
	.byte	4                       @ DW_AT_decl_file
	.short	366                     @ DW_AT_decl_line
	.byte	15                      @ Abbrev [15] 0x365:0xb9 DW_TAG_structure_type
	.short	1264                    @ DW_AT_byte_size
	.byte	4                       @ DW_AT_decl_file
	.short	351                     @ DW_AT_decl_line
	.byte	8                       @ Abbrev [8] 0x36b:0xd DW_TAG_member
	.long	.Linfo_string109        @ DW_AT_name
	.long	1054                    @ DW_AT_type
	.byte	4                       @ DW_AT_decl_file
	.short	353                     @ DW_AT_decl_line
	.byte	0                       @ DW_AT_data_member_location
	.byte	8                       @ Abbrev [8] 0x378:0xd DW_TAG_member
	.long	.Linfo_string110        @ DW_AT_name
	.long	1066                    @ DW_AT_type
	.byte	4                       @ DW_AT_decl_file
	.short	354                     @ DW_AT_decl_line
	.byte	64                      @ DW_AT_data_member_location
	.byte	8                       @ Abbrev [8] 0x385:0xd DW_TAG_member
	.long	.Linfo_string111        @ DW_AT_name
	.long	1054                    @ DW_AT_type
	.byte	4                       @ DW_AT_decl_file
	.short	355                     @ DW_AT_decl_line
	.byte	128                     @ DW_AT_data_member_location
	.byte	8                       @ Abbrev [8] 0x392:0xd DW_TAG_member
	.long	.Linfo_string112        @ DW_AT_name
	.long	1066                    @ DW_AT_type
	.byte	4                       @ DW_AT_decl_file
	.short	356                     @ DW_AT_decl_line
	.byte	192                     @ DW_AT_data_member_location
	.byte	16                      @ Abbrev [16] 0x39f:0xe DW_TAG_member
	.long	.Linfo_string113        @ DW_AT_name
	.long	1054                    @ DW_AT_type
	.byte	4                       @ DW_AT_decl_file
	.short	357                     @ DW_AT_decl_line
	.short	256                     @ DW_AT_data_member_location
	.byte	16                      @ Abbrev [16] 0x3ad:0xe DW_TAG_member
	.long	.Linfo_string114        @ DW_AT_name
	.long	1066                    @ DW_AT_type
	.byte	4                       @ DW_AT_decl_file
	.short	358                     @ DW_AT_decl_line
	.short	320                     @ DW_AT_data_member_location
	.byte	16                      @ Abbrev [16] 0x3bb:0xe DW_TAG_member
	.long	.Linfo_string115        @ DW_AT_name
	.long	1054                    @ DW_AT_type
	.byte	4                       @ DW_AT_decl_file
	.short	359                     @ DW_AT_decl_line
	.short	384                     @ DW_AT_data_member_location
	.byte	16                      @ Abbrev [16] 0x3c9:0xe DW_TAG_member
	.long	.Linfo_string116        @ DW_AT_name
	.long	1066                    @ DW_AT_type
	.byte	4                       @ DW_AT_decl_file
	.short	360                     @ DW_AT_decl_line
	.short	448                     @ DW_AT_data_member_location
	.byte	16                      @ Abbrev [16] 0x3d7:0xe DW_TAG_member
	.long	.Linfo_string117        @ DW_AT_name
	.long	1054                    @ DW_AT_type
	.byte	4                       @ DW_AT_decl_file
	.short	361                     @ DW_AT_decl_line
	.short	512                     @ DW_AT_data_member_location
	.byte	16                      @ Abbrev [16] 0x3e5:0xe DW_TAG_member
	.long	.Linfo_string118        @ DW_AT_name
	.long	1066                    @ DW_AT_type
	.byte	4                       @ DW_AT_decl_file
	.short	362                     @ DW_AT_decl_line
	.short	576                     @ DW_AT_data_member_location
	.byte	16                      @ Abbrev [16] 0x3f3:0xe DW_TAG_member
	.long	.Linfo_string119        @ DW_AT_name
	.long	1054                    @ DW_AT_type
	.byte	4                       @ DW_AT_decl_file
	.short	363                     @ DW_AT_decl_line
	.short	640                     @ DW_AT_data_member_location
	.byte	16                      @ Abbrev [16] 0x401:0xe DW_TAG_member
	.long	.Linfo_string120        @ DW_AT_name
	.long	1066                    @ DW_AT_type
	.byte	4                       @ DW_AT_decl_file
	.short	364                     @ DW_AT_decl_line
	.short	704                     @ DW_AT_data_member_location
	.byte	16                      @ Abbrev [16] 0x40f:0xe DW_TAG_member
	.long	.Linfo_string121        @ DW_AT_name
	.long	1078                    @ DW_AT_type
	.byte	4                       @ DW_AT_decl_file
	.short	365                     @ DW_AT_decl_line
	.short	768                     @ DW_AT_data_member_location
	.byte	0                       @ End Of Children Mark
	.byte	12                      @ Abbrev [12] 0x41e:0xc DW_TAG_array_type
	.long	794                     @ DW_AT_type
	.byte	13                      @ Abbrev [13] 0x423:0x6 DW_TAG_subrange_type
	.long	834                     @ DW_AT_type
	.byte	16                      @ DW_AT_count
	.byte	0                       @ End Of Children Mark
	.byte	12                      @ Abbrev [12] 0x42a:0xc DW_TAG_array_type
	.long	799                     @ DW_AT_type
	.byte	13                      @ Abbrev [13] 0x42f:0x6 DW_TAG_subrange_type
	.long	834                     @ DW_AT_type
	.byte	16                      @ DW_AT_count
	.byte	0                       @ End Of Children Mark
	.byte	12                      @ Abbrev [12] 0x436:0xc DW_TAG_array_type
	.long	794                     @ DW_AT_type
	.byte	13                      @ Abbrev [13] 0x43b:0x6 DW_TAG_subrange_type
	.long	834                     @ DW_AT_type
	.byte	124                     @ DW_AT_count
	.byte	0                       @ End Of Children Mark
	.byte	17                      @ Abbrev [17] 0x442:0x30 DW_TAG_subprogram
	.long	.Lfunc_begin0           @ DW_AT_low_pc
	.long	.Lfunc_end0             @ DW_AT_high_pc
	.byte	1                       @ DW_AT_frame_base
	.byte	93
	.long	.Linfo_string123        @ DW_AT_name
	.byte	5                       @ DW_AT_decl_file
	.byte	8                       @ DW_AT_decl_line
	.byte	1                       @ DW_AT_prototyped
	.byte	1                       @ DW_AT_external
	.byte	18                      @ Abbrev [18] 0x455:0xe DW_TAG_variable
	.byte	2                       @ DW_AT_location
	.byte	145
	.byte	44
	.long	.Linfo_string128        @ DW_AT_name
	.byte	5                       @ DW_AT_decl_file
	.byte	10                      @ DW_AT_decl_line
	.long	583                     @ DW_AT_type
	.byte	18                      @ Abbrev [18] 0x463:0xe DW_TAG_variable
	.byte	2                       @ DW_AT_location
	.byte	145
	.byte	40
	.long	.Linfo_string129        @ DW_AT_name
	.byte	5                       @ DW_AT_decl_file
	.byte	19                      @ DW_AT_decl_line
	.long	583                     @ DW_AT_type
	.byte	0                       @ End Of Children Mark
	.byte	19                      @ Abbrev [19] 0x472:0x13 DW_TAG_subprogram
	.long	.Lfunc_begin1           @ DW_AT_low_pc
	.long	.Lfunc_end1             @ DW_AT_high_pc
	.byte	1                       @ DW_AT_frame_base
	.byte	93
	.long	.Linfo_string124        @ DW_AT_name
	.byte	5                       @ DW_AT_decl_file
	.byte	36                      @ DW_AT_decl_line
	.byte	1                       @ DW_AT_prototyped
	.byte	1                       @ DW_AT_external
	.byte	19                      @ Abbrev [19] 0x485:0x13 DW_TAG_subprogram
	.long	.Lfunc_begin2           @ DW_AT_low_pc
	.long	.Lfunc_end2             @ DW_AT_high_pc
	.byte	1                       @ DW_AT_frame_base
	.byte	93
	.long	.Linfo_string125        @ DW_AT_name
	.byte	5                       @ DW_AT_decl_file
	.byte	59                      @ DW_AT_decl_line
	.byte	1                       @ DW_AT_prototyped
	.byte	1                       @ DW_AT_external
	.byte	20                      @ Abbrev [20] 0x498:0x23 DW_TAG_subprogram
	.long	.Lfunc_begin3           @ DW_AT_low_pc
	.long	.Lfunc_end3             @ DW_AT_high_pc
	.byte	1                       @ DW_AT_frame_base
	.byte	93
	.long	.Linfo_string126        @ DW_AT_name
	.byte	4                       @ DW_AT_decl_file
	.short	1275                    @ DW_AT_decl_line
	.byte	1                       @ DW_AT_prototyped
	.byte	21                      @ Abbrev [21] 0x4ab:0xf DW_TAG_formal_parameter
	.byte	2                       @ DW_AT_location
	.byte	145
	.byte	4
	.long	.Linfo_string89         @ DW_AT_name
	.byte	4                       @ DW_AT_decl_file
	.short	1275                    @ DW_AT_decl_line
	.long	1234                    @ DW_AT_type
	.byte	0                       @ End Of Children Mark
	.byte	22                      @ Abbrev [22] 0x4bb:0x17 DW_TAG_subprogram
	.long	.Lfunc_begin4           @ DW_AT_low_pc
	.long	.Lfunc_end4             @ DW_AT_high_pc
	.byte	1                       @ DW_AT_frame_base
	.byte	93
	.long	.Linfo_string127        @ DW_AT_name
	.byte	5                       @ DW_AT_decl_file
	.byte	83                      @ DW_AT_decl_line
	.byte	1                       @ DW_AT_prototyped
	.long	583                     @ DW_AT_type
	.byte	1                       @ DW_AT_external
	.byte	10                      @ Abbrev [10] 0x4d2:0xb DW_TAG_typedef
	.long	39                      @ DW_AT_type
	.long	.Linfo_string130        @ DW_AT_name
	.byte	1                       @ DW_AT_decl_file
	.byte	150                     @ DW_AT_decl_line
	.byte	0                       @ End Of Children Mark
	.section	.debug_ranges,"",%progbits
.Ldebug_ranges0:
	.long	.Lfunc_begin0
	.long	.Lfunc_end0
	.long	.Lfunc_begin1
	.long	.Lfunc_end1
	.long	.Lfunc_begin2
	.long	.Lfunc_end2
	.long	.Lfunc_begin3
	.long	.Lfunc_end3
	.long	.Lfunc_begin4
	.long	.Lfunc_end4
	.long	0
	.long	0
	.section	.debug_macinfo,"",%progbits
.Lcu_macro_begin0:
	.byte	0                       @ End Of Macro List Mark
	.section	.debug_pubnames,"",%progbits
	.long	.LpubNames_end0-.LpubNames_begin0 @ Length of Public Names Info
.LpubNames_begin0:
	.short	2                       @ DWARF Version
	.long	.Lcu_begin0             @ Offset of Compilation Unit Info
	.long	1246                    @ Compilation Unit Length
	.long	1176                    @ DIE offset
	.asciz	"__NVIC_EnableIRQ"      @ External Name
	.long	1138                    @ DIE offset
	.asciz	"GPB_IRQHandler"        @ External Name
	.long	1211                    @ DIE offset
	.asciz	"main"                  @ External Name
	.long	1157                    @ DIE offset
	.asciz	"GPIO_INT_Init"         @ External Name
	.long	1090                    @ DIE offset
	.asciz	"display_menue"         @ External Name
	.long	0                       @ End Mark
.LpubNames_end0:
	.section	.debug_pubtypes,"",%progbits
	.long	.LpubTypes_end0-.LpubTypes_begin0 @ Length of Public Types Info
.LpubTypes_begin0:
	.short	2                       @ DWARF Version
	.long	.Lcu_begin0             @ Offset of Compilation Unit Info
	.long	1246                    @ Compilation Unit Length
	.long	857                     @ DIE offset
	.asciz	"NVIC_Type"             @ External Name
	.long	595                     @ DIE offset
	.asciz	"GPIO_T"                @ External Name
	.long	841                     @ DIE offset
	.asciz	"int32_t"               @ External Name
	.long	799                     @ DIE offset
	.asciz	"uint32_t"              @ External Name
	.long	810                     @ DIE offset
	.asciz	"unsigned int"          @ External Name
	.long	39                      @ DIE offset
	.asciz	"IRQn"                  @ External Name
	.long	583                     @ DIE offset
	.asciz	"int"                   @ External Name
	.long	1234                    @ DIE offset
	.asciz	"IRQn_Type"             @ External Name
	.long	0                       @ End Mark
.LpubTypes_end0:

	.ident	"Component: ARM Compiler 6.10.1 Tool: armclang [5d143200]"
	.section	".note.GNU-stack","",%progbits
	.eabi_attribute	30, 6	@ Tag_ABI_optimization_goals
	.ARM_attribute	16, 1	@ Tag_AV_eba
	.section	.debug_line,"",%progbits
.Lline_table_start0:
