<html>
<body>
<pre>
<h1>µVision Build Log</h1>
<h2>Tool Versions:</h2>
IDE-Version: ÂµVision V5.26.2.0
Copyright (C) 2018 ARM Ltd and ARM Germany GmbH. All rights reserved.
License Information: H P, -, LIC=T0DTF-6XU3J-0CCDN-B7JKC-T85HB-IVFEL
 
Tool Versions:
Toolchain:       MDK-ARM Cortex-M0/M23 for Nuvoton  Version: 5.26.2.0
Toolchain Path:  C:\Keil_v5\ARM\ARMCLANG\Bin
C Compiler:      ArmClang.exe V6.10.1
Assembler:       Armasm.exe V6.10.1
Linker/Locator:  ArmLink.exe V6.10.1
Library Manager: ArmAr.exe V6.10.1
Hex Converter:   FromElf.exe V6.10.1
CPU DLL:         
Dialog DLL:      
Target DLL:      NULink\Nu_Link.dll V2.05
Dialog DLL:      TCM.DLL V1.36.1.0
 
<h2>Project:</h2>
C:\Users\Nuvoton\Desktop\M2351BSP-master\SampleCode\TrustZone\Trustzone_AES\Nonsecure\KEIL\Nonsecure.uvprojx
Project File Date:  01/29/2019

<h2>Output:</h2>
*** Using Compiler 'V6.10.1', folder: 'C:\Keil_v5\ARM\ARMCLANG\Bin'
Build Project 'Nonsecure' - Target 'NonSecure'
linking...
Program Size: Code=4852 RO-data=796 RW-data=0 ZI-data=2216  
FromELF: creating hex file...
After Build - User command #1: fromelf --bin ".\Objects\NonSecure.axf" --output ".\Objects\NonSecure.bin"
After Build - User command #2: fromelf --text -c ".\Objects\NonSecure.axf" --output ".\Objects\NonSecure.txt"
".\Objects\NonSecure.axf" - 0 Error(s), 0 Warning(s).

<h2>Software Packages used:</h2>

Package Vendor: Nuvoton
                http://www.nuvoton.com/hq/enu/Documents/KEILSoftwarePack/Nuvoton.NuMicro_DFP.1.3.2.pack
                Nuvoton.NuMicro_DFP.1.3.2
                Nuvoton ARM Cortex-M NuMicro Family Device Support

Package Vendor: Nuvoton
                http://www.nuvoton.com/hq/enu/Documents/KEILSoftwarePack/Nuvoton.NuMicro_M2351_BSP.1.0.0.pack
                Nuvoton.NuMicro_M2351_BSP.1.0.0
                Nuvoton ARM Cortex-M NuMicro Family M2351 BSP Support
   * Component: UART Version: 0.00.001

<h2>Collection of Component include folders:</h2>
  .\RTE\_NonSecure
  C:\Keil_v5\ARM\PACK\Nuvoton\NuMicro_DFP\1.3.2\Device\M2351\Include
  C:\Keil_v5\ARM\PACK\Nuvoton\NuMicro_M2351_BSP\1.0.0\Device\M2351\StdDriver\inc

<h2>Collection of Component Files used:</h2>

   * Component: Nuvoton::Device:StdDriver:UART:0.00.001
      Source file:   Device\M2351\StdDriver\src\uart.c
      Include file:  Device\M2351\StdDriver\inc\uart.h
Build Time Elapsed:  00:00:01
</pre>
</body>
</html>
