<html>
<body>
<pre>
<h1>µVision Build Log</h1>
<h2>Tool Versions:</h2>
IDE-Version: ÂµVision V5.26.2.0
Copyright (C) 2018 ARM Ltd and ARM Germany GmbH. All rights reserved.
License Information: H P, -, LIC=T0DTF-6XU3J-0CCDN-B7JKC-T85HB-IVFEL
 
Tool Versions:
Toolchain:       MDK-ARM Cortex-M0/M23 for Nuvoton  Version: 5.26.2.0
Toolchain Path:  C:\Keil_v5\ARM\ARMCLANG\Bin
C Compiler:      ArmClang.exe V6.10.1
Assembler:       Armasm.exe V6.10.1
Linker/Locator:  ArmLink.exe V6.10.1
Library Manager: ArmAr.exe V6.10.1
Hex Converter:   FromElf.exe V6.10.1
CPU DLL:         
Dialog DLL:      
Target DLL:      Nu_Link.dll V2.05
Dialog DLL:      TCM.DLL V1.36.1.0
 
<h2>Project:</h2>
C:\Users\Nuvoton\Desktop\M2351BSP-master\SampleCode\TrustZone\Trustzone_AES\Secure\KEIL\Secure.uvprojx
Project File Date:  01/30/2019

<h2>Output:</h2>
*** Using Compiler 'V6.10.1', folder: 'C:\Keil_v5\ARM\ARMCLANG\Bin'
Rebuild Project 'Secure' - Target 'Secure'
creating list file for system_M2351.c...
compiling main.c...
creating list file for main.c...
assembling startup_M2351.s...
compiling system_M2351.c...
creating list file for retarget.c...
compiling retarget.c...
compiling clk.c...
creating list file for clk.c...
creating list file for gpio.c...
compiling gpio.c...
creating list file for crypto.c...
compiling crypto.c...
linking...
Program Size: Code=11640 RO-data=1340 RW-data=20 ZI-data=3572  
FromELF: creating hex file...
After Build - User command #1: fromelf --bin ".\Objects\Secure.axf" --output ".\Objects\Secure.bin"
After Build - User command #2: fromelf --text -c ".\Objects\Secure.axf" --output ".\Objects\Secure.txt"
".\Objects\Secure.axf" - 0 Error(s), 0 Warning(s).

<h2>Software Packages used:</h2>

Package Vendor: Nuvoton
                http://www.nuvoton.com/hq/enu/Documents/KEILSoftwarePack/Nuvoton.NuMicro_DFP.1.3.2.pack
                Nuvoton.NuMicro_DFP.1.3.2
                Nuvoton ARM Cortex-M NuMicro Family Device Support

Package Vendor: Nuvoton
                http://www.nuvoton.com/hq/enu/Documents/KEILSoftwarePack/Nuvoton.NuMicro_M2351_BSP.1.0.0.pack
                Nuvoton.NuMicro_M2351_BSP.1.0.0
                Nuvoton ARM Cortex-M NuMicro Family M2351 BSP Support
   * Component: CRYPTO Version: 0.00.001
   * Component: MKROM Version: 0.00.001

<h2>Collection of Component include folders:</h2>
  .\RTE\_Secure
  C:\Keil_v5\ARM\PACK\Nuvoton\NuMicro_DFP\1.3.2\Device\M2351\Include
  C:\Keil_v5\ARM\PACK\Nuvoton\NuMicro_M2351_BSP\1.0.0\Device\M2351\StdDriver\inc

<h2>Collection of Component Files used:</h2>

   * Component: Nuvoton::Device:StdDriver:CRYPTO:0.00.001
      Include file:  Device\M2351\StdDriver\inc\crypto.h
      Source file:   Device\M2351\StdDriver\src\crypto.c

   * Component: Nuvoton::Device:StdDriver:MKROM:0.00.001
      Library file:  Device\M2351\StdDriver\src\MKROMLib_Keil.lib
      Library file:  Device\M2351\StdDriver\src\libmkrom.a
      Include file:  Device\M2351\StdDriver\inc\mkromlib.h
Build Time Elapsed:  00:00:03
</pre>
</body>
</html>
